// Jest Snapshot v1, https://goo.gl/fbAQLP

exports[`ExtraWeatherInfo Component renders correctly with given wind and humidity 1`] = `
<View
  style={
    {
      "borderBottomColor": "gray",
      "borderBottomWidth": 1,
      "borderTopColor": "gray",
      "borderTopWidth": 1,
      "flexDirection": "row",
      "justifyContent": "space-around",
      "marginBottom": 18,
      "paddingVertical": 12,
      "width": "100%",
    }
  }
>
  <View
    style={
      {
        "alignItems": "center",
        "gap": 8,
        "justifyContent": "center",
      }
    }
  >
    <Text
      style={
        {
          "color": "white",
        }
      }
    >
      Wind
    </Text>
    <Text
      style={
        [
          {
            "fontSize": 16,
          },
          {
            "color": "#fff",
            "fontFamily": "PoppinsBold",
          },
        ]
      }
      testID="wind"
    >
      10
       mph
    </Text>
  </View>
  <View
    style={
      {
        "alignItems": "center",
        "gap": 8,
        "justifyContent": "center",
      }
    }
  >
    <Text
      style={
        {
          "color": "white",
        }
      }
    >
      Humidity
    </Text>
    <Text
      style={
        [
          {
            "fontSize": 16,
          },
          {
            "color": "#fff",
            "fontFamily": "PoppinsBold",
          },
        ]
      }
      testID="humidity"
    >
      50
       %
    </Text>
  </View>
</View>
`;
